// Jest Snapshot v1, https://goo.gl/fbAQLP

exports[`AppComponent renders 1`] = `
<mock-render>
  <app-root>
    TODO
  </app-root>
</mock-render>
`;
